============================= test session starts =============================
platform win32 -- Python 3.11.9, pytest-9.0.2, pluggy-1.6.0
rootdir: C:\Users\syste\Desktop\Melikhan\Web\Web Projeler\web_ar-main
configfile: pytest.ini
plugins: flask-1.3.0
collected 9 items

tests\test_auth.py .EEEF                                                 [ 55%]
tests\test_upload.py FE.F                                                [100%]

=================================== ERRORS ====================================
_____________________ ERROR at setup of test_valid_login ______________________

self = <sqlalchemy.engine.base.Connection object at 0x000000003B0B3B50>
dialect = <sqlalchemy.dialects.sqlite.pysqlite.SQLiteDialect_pysqlite object at 0x0000000039E2C6D0>
context = <sqlalchemy.dialects.sqlite.base.SQLiteExecutionContext object at 0x000000003B034490>
statement = <sqlalchemy.dialects.sqlite.base.SQLiteCompiler object at 0x000000003B056850>
parameters = [('testuser', None, 'pbkdf2:sha256:600000$ESv8CU9QfSqYwSZS$049a47b29b6ef67087c93e8655f8d30e11cdfcdccd588954a6fbc54ae65180ec', '2026-03-15 01:32:40.355415')]

    def _exec_single_context(
        self,
        dialect: Dialect,
        context: ExecutionContext,
        statement: Union[str, Compiled],
        parameters: Optional[_AnyMultiExecuteParams],
    ) -> CursorResult[Any]:
        """continue the _execute_context() method for a single DBAPI
        cursor.execute() or cursor.executemany() call.
    
        """
        if dialect.bind_typing is BindTyping.SETINPUTSIZES:
            generic_setinputsizes = context._prepare_set_input_sizes()
    
            if generic_setinputsizes:
                try:
                    dialect.do_set_input_sizes(
                        context.cursor, generic_setinputsizes, context
                    )
                except BaseException as e:
                    self._handle_dbapi_exception(
                        e, str(statement), parameters, None, context
                    )
    
        cursor, str_statement, parameters = (
            context.cursor,
            context.statement,
            context.parameters,
        )
    
        effective_parameters: Optional[_AnyExecuteParams]
    
        if not context.executemany:
            effective_parameters = parameters[0]
        else:
            effective_parameters = parameters
    
        if self._has_events or self.engine._has_events:
            for fn in self.dispatch.before_cursor_execute:
                str_statement, effective_parameters = fn(
                    self,
                    cursor,
                    str_statement,
                    effective_parameters,
                    context,
                    context.executemany,
                )
    
        if self._echo:
            self._log_info(str_statement)
    
            stats = context._get_cache_stats()
    
            if not self.engine.hide_parameters:
                self._log_info(
                    "[%s] %r",
                    stats,
                    sql_util._repr_params(
                        effective_parameters,
                        batches=10,
                        ismulti=context.executemany,
                    ),
                )
            else:
                self._log_info(
                    "[%s] [SQL parameters hidden due to hide_parameters=True]",
                    stats,
                )
    
        evt_handled: bool = False
        try:
            if context.execute_style is ExecuteStyle.EXECUTEMANY:
                effective_parameters = cast(
                    "_CoreMultiExecuteParams", effective_parameters
                )
                if self.dialect._has_events:
                    for fn in self.dialect.dispatch.do_executemany:
                        if fn(
                            cursor,
                            str_statement,
                            effective_parameters,
                            context,
                        ):
                            evt_handled = True
                            break
                if not evt_handled:
                    self.dialect.do_executemany(
                        cursor,
                        str_statement,
                        effective_parameters,
                        context,
                    )
            elif not effective_parameters and context.no_parameters:
                if self.dialect._has_events:
                    for fn in self.dialect.dispatch.do_execute_no_params:
                        if fn(cursor, str_statement, context):
                            evt_handled = True
                            break
                if not evt_handled:
                    self.dialect.do_execute_no_params(
                        cursor, str_statement, context
                    )
            else:
                effective_parameters = cast(
                    "_CoreSingleExecuteParams", effective_parameters
                )
                if self.dialect._has_events:
                    for fn in self.dialect.dispatch.do_execute:
                        if fn(
                            cursor,
                            str_statement,
                            effective_parameters,
                            context,
                        ):
                            evt_handled = True
                            break
                if not evt_handled:
>                   self.dialect.do_execute(
                        cursor, str_statement, effective_parameters, context
                    )

venv\Lib\site-packages\sqlalchemy\engine\base.py:1967: 
_ _ _ _ _ _ _ _ _ _ _ _ _ _ _ _ _ _ _ _ _ _ _ _ _ _ _ _ _ _ _ _ _ _ _ _ _ _ _ _

self = <sqlalchemy.dialects.sqlite.pysqlite.SQLiteDialect_pysqlite object at 0x0000000039E2C6D0>
cursor = <sqlite3.Cursor object at 0x000000003B0AAA40>
statement = 'INSERT INTO user (username, email, password_hash, created_at) VALUES (?, ?, ?, ?)'
parameters = ('testuser', None, 'pbkdf2:sha256:600000$ESv8CU9QfSqYwSZS$049a47b29b6ef67087c93e8655f8d30e11cdfcdccd588954a6fbc54ae65180ec', '2026-03-15 01:32:40.355415')
context = <sqlalchemy.dialects.sqlite.base.SQLiteExecutionContext object at 0x000000003B034490>

    def do_execute(self, cursor, statement, parameters, context=None):
>       cursor.execute(statement, parameters)
E       sqlite3.IntegrityError: NOT NULL constraint failed: user.email

venv\Lib\site-packages\sqlalchemy\engine\default.py:951: IntegrityError

The above exception was the direct cause of the following exception:

    @pytest.fixture
    def init_database():
        # Create test user
        user = User(username='testuser')
        user.set_password('testpassword')
        db.session.add(user)
>       db.session.commit()

tests\conftest.py:24: 
_ _ _ _ _ _ _ _ _ _ _ _ _ _ _ _ _ _ _ _ _ _ _ _ _ _ _ _ _ _ _ _ _ _ _ _ _ _ _ _
venv\Lib\site-packages\sqlalchemy\orm\scoping.py:599: in commit
    return self._proxied.commit()
           ^^^^^^^^^^^^^^^^^^^^^^
venv\Lib\site-packages\sqlalchemy\orm\session.py:2032: in commit
    trans.commit(_to_root=True)
venv\Lib\site-packages\sqlalchemy\orm\state_changes.py:137: in _go
    ret_value = fn(self, *arg, **kw)
                ^^^^^^^^^^^^^^^^^^^^
venv\Lib\site-packages\sqlalchemy\orm\session.py:1313: in commit
    self._prepare_impl()
venv\Lib\site-packages\sqlalchemy\orm\state_changes.py:137: in _go
    ret_value = fn(self, *arg, **kw)
                ^^^^^^^^^^^^^^^^^^^^
venv\Lib\site-packages\sqlalchemy\orm\session.py:1288: in _prepare_impl
    self.session.flush()
venv\Lib\site-packages\sqlalchemy\orm\session.py:4345: in flush
    self._flush(objects)
venv\Lib\site-packages\sqlalchemy\orm\session.py:4480: in _flush
    with util.safe_reraise():
venv\Lib\site-packages\sqlalchemy\util\langhelpers.py:224: in __exit__
    raise exc_value.with_traceback(exc_tb)
venv\Lib\site-packages\sqlalchemy\orm\session.py:4441: in _flush
    flush_context.execute()
venv\Lib\site-packages\sqlalchemy\orm\unitofwork.py:466: in execute
    rec.execute(self)
venv\Lib\site-packages\sqlalchemy\orm\unitofwork.py:642: in execute
    util.preloaded.orm_persistence.save_obj(
venv\Lib\site-packages\sqlalchemy\orm\persistence.py:93: in save_obj
    _emit_insert_statements(
venv\Lib\site-packages\sqlalchemy\orm\persistence.py:1233: in _emit_insert_statements
    result = connection.execute(
venv\Lib\site-packages\sqlalchemy\engine\base.py:1419: in execute
    return meth(
venv\Lib\site-packages\sqlalchemy\sql\elements.py:526: in _execute_on_connection
    return connection._execute_clauseelement(
venv\Lib\site-packages\sqlalchemy\engine\base.py:1641: in _execute_clauseelement
    ret = self._execute_context(
venv\Lib\site-packages\sqlalchemy\engine\base.py:1846: in _execute_context
    return self._exec_single_context(
venv\Lib\site-packages\sqlalchemy\engine\base.py:1986: in _exec_single_context
    self._handle_dbapi_exception(
venv\Lib\site-packages\sqlalchemy\engine\base.py:2355: in _handle_dbapi_exception
    raise sqlalchemy_exception.with_traceback(exc_info[2]) from e
venv\Lib\site-packages\sqlalchemy\engine\base.py:1967: in _exec_single_context
    self.dialect.do_execute(
_ _ _ _ _ _ _ _ _ _ _ _ _ _ _ _ _ _ _ _ _ _ _ _ _ _ _ _ _ _ _ _ _ _ _ _ _ _ _ _

self = <sqlalchemy.dialects.sqlite.pysqlite.SQLiteDialect_pysqlite object at 0x0000000039E2C6D0>
cursor = <sqlite3.Cursor object at 0x000000003B0AAA40>
statement = 'INSERT INTO user (username, email, password_hash, created_at) VALUES (?, ?, ?, ?)'
parameters = ('testuser', None, 'pbkdf2:sha256:600000$ESv8CU9QfSqYwSZS$049a47b29b6ef67087c93e8655f8d30e11cdfcdccd588954a6fbc54ae65180ec', '2026-03-15 01:32:40.355415')
context = <sqlalchemy.dialects.sqlite.base.SQLiteExecutionContext object at 0x000000003B034490>

    def do_execute(self, cursor, statement, parameters, context=None):
>       cursor.execute(statement, parameters)
E       sqlalchemy.exc.IntegrityError: (sqlite3.IntegrityError) NOT NULL constraint failed: user.email
E       [SQL: INSERT INTO user (username, email, password_hash, created_at) VALUES (?, ?, ?, ?)]
E       [parameters: ('testuser', None, 'pbkdf2:sha256:600000$ESv8CU9QfSqYwSZS$049a47b29b6ef67087c93e8655f8d30e11cdfcdccd588954a6fbc54ae65180ec', '2026-03-15 01:32:40.355415')]
E       (Background on this error at: https://sqlalche.me/e/20/gkpj)

venv\Lib\site-packages\sqlalchemy\engine\default.py:951: IntegrityError
____________________ ERROR at setup of test_invalid_login _____________________

self = <sqlalchemy.engine.base.Connection object at 0x000000003BAFA790>
dialect = <sqlalchemy.dialects.sqlite.pysqlite.SQLiteDialect_pysqlite object at 0x0000000039E2C6D0>
context = <sqlalchemy.dialects.sqlite.base.SQLiteExecutionContext object at 0x000000003BAFB610>
statement = <sqlalchemy.dialects.sqlite.base.SQLiteCompiler object at 0x000000003B056850>
parameters = [('testuser', None, 'pbkdf2:sha256:600000$Ev7wlvM52YazmugP$a8f1c4fb657a0d75f6db5a4975fa929456e17dd25b314464e1323fe35ff09eee', '2026-03-15 01:32:43.530582')]

    def _exec_single_context(
        self,
        dialect: Dialect,
        context: ExecutionContext,
        statement: Union[str, Compiled],
        parameters: Optional[_AnyMultiExecuteParams],
    ) -> CursorResult[Any]:
        """continue the _execute_context() method for a single DBAPI
        cursor.execute() or cursor.executemany() call.
    
        """
        if dialect.bind_typing is BindTyping.SETINPUTSIZES:
            generic_setinputsizes = context._prepare_set_input_sizes()
    
            if generic_setinputsizes:
                try:
                    dialect.do_set_input_sizes(
                        context.cursor, generic_setinputsizes, context
                    )
                except BaseException as e:
                    self._handle_dbapi_exception(
                        e, str(statement), parameters, None, context
                    )
    
        cursor, str_statement, parameters = (
            context.cursor,
            context.statement,
            context.parameters,
        )
    
        effective_parameters: Optional[_AnyExecuteParams]
    
        if not context.executemany:
            effective_parameters = parameters[0]
        else:
            effective_parameters = parameters
    
        if self._has_events or self.engine._has_events:
            for fn in self.dispatch.before_cursor_execute:
                str_statement, effective_parameters = fn(
                    self,
                    cursor,
                    str_statement,
                    effective_parameters,
                    context,
                    context.executemany,
                )
    
        if self._echo:
            self._log_info(str_statement)
    
            stats = context._get_cache_stats()
    
            if not self.engine.hide_parameters:
                self._log_info(
                    "[%s] %r",
                    stats,
                    sql_util._repr_params(
                        effective_parameters,
                        batches=10,
                        ismulti=context.executemany,
                    ),
                )
            else:
                self._log_info(
                    "[%s] [SQL parameters hidden due to hide_parameters=True]",
                    stats,
                )
    
        evt_handled: bool = False
        try:
            if context.execute_style is ExecuteStyle.EXECUTEMANY:
                effective_parameters = cast(
                    "_CoreMultiExecuteParams", effective_parameters
                )
                if self.dialect._has_events:
                    for fn in self.dialect.dispatch.do_executemany:
                        if fn(
                            cursor,
                            str_statement,
                            effective_parameters,
                            context,
                        ):
                            evt_handled = True
                            break
                if not evt_handled:
                    self.dialect.do_executemany(
                        cursor,
                        str_statement,
                        effective_parameters,
                        context,
                    )
            elif not effective_parameters and context.no_parameters:
                if self.dialect._has_events:
                    for fn in self.dialect.dispatch.do_execute_no_params:
                        if fn(cursor, str_statement, context):
                            evt_handled = True
                            break
                if not evt_handled:
                    self.dialect.do_execute_no_params(
                        cursor, str_statement, context
                    )
            else:
                effective_parameters = cast(
                    "_CoreSingleExecuteParams", effective_parameters
                )
                if self.dialect._has_events:
                    for fn in self.dialect.dispatch.do_execute:
                        if fn(
                            cursor,
                            str_statement,
                            effective_parameters,
                            context,
                        ):
                            evt_handled = True
                            break
                if not evt_handled:
>                   self.dialect.do_execute(
                        cursor, str_statement, effective_parameters, context
                    )

venv\Lib\site-packages\sqlalchemy\engine\base.py:1967: 
_ _ _ _ _ _ _ _ _ _ _ _ _ _ _ _ _ _ _ _ _ _ _ _ _ _ _ _ _ _ _ _ _ _ _ _ _ _ _ _

self = <sqlalchemy.dialects.sqlite.pysqlite.SQLiteDialect_pysqlite object at 0x0000000039E2C6D0>
cursor = <sqlite3.Cursor object at 0x000000003C4305C0>
statement = 'INSERT INTO user (username, email, password_hash, created_at) VALUES (?, ?, ?, ?)'
parameters = ('testuser', None, 'pbkdf2:sha256:600000$Ev7wlvM52YazmugP$a8f1c4fb657a0d75f6db5a4975fa929456e17dd25b314464e1323fe35ff09eee', '2026-03-15 01:32:43.530582')
context = <sqlalchemy.dialects.sqlite.base.SQLiteExecutionContext object at 0x000000003BAFB610>

    def do_execute(self, cursor, statement, parameters, context=None):
>       cursor.execute(statement, parameters)
E       sqlite3.IntegrityError: NOT NULL constraint failed: user.email

venv\Lib\site-packages\sqlalchemy\engine\default.py:951: IntegrityError

The above exception was the direct cause of the following exception:

    @pytest.fixture
    def init_database():
        # Create test user
        user = User(username='testuser')
        user.set_password('testpassword')
        db.session.add(user)
>       db.session.commit()

tests\conftest.py:24: 
_ _ _ _ _ _ _ _ _ _ _ _ _ _ _ _ _ _ _ _ _ _ _ _ _ _ _ _ _ _ _ _ _ _ _ _ _ _ _ _
venv\Lib\site-packages\sqlalchemy\orm\scoping.py:599: in commit
    return self._proxied.commit()
           ^^^^^^^^^^^^^^^^^^^^^^
venv\Lib\site-packages\sqlalchemy\orm\session.py:2032: in commit
    trans.commit(_to_root=True)
venv\Lib\site-packages\sqlalchemy\orm\state_changes.py:137: in _go
    ret_value = fn(self, *arg, **kw)
                ^^^^^^^^^^^^^^^^^^^^
venv\Lib\site-packages\sqlalchemy\orm\session.py:1313: in commit
    self._prepare_impl()
venv\Lib\site-packages\sqlalchemy\orm\state_changes.py:137: in _go
    ret_value = fn(self, *arg, **kw)
                ^^^^^^^^^^^^^^^^^^^^
venv\Lib\site-packages\sqlalchemy\orm\session.py:1288: in _prepare_impl
    self.session.flush()
venv\Lib\site-packages\sqlalchemy\orm\session.py:4345: in flush
    self._flush(objects)
venv\Lib\site-packages\sqlalchemy\orm\session.py:4480: in _flush
    with util.safe_reraise():
venv\Lib\site-packages\sqlalchemy\util\langhelpers.py:224: in __exit__
    raise exc_value.with_traceback(exc_tb)
venv\Lib\site-packages\sqlalchemy\orm\session.py:4441: in _flush
    flush_context.execute()
venv\Lib\site-packages\sqlalchemy\orm\unitofwork.py:466: in execute
    rec.execute(self)
venv\Lib\site-packages\sqlalchemy\orm\unitofwork.py:642: in execute
    util.preloaded.orm_persistence.save_obj(
venv\Lib\site-packages\sqlalchemy\orm\persistence.py:93: in save_obj
    _emit_insert_statements(
venv\Lib\site-packages\sqlalchemy\orm\persistence.py:1233: in _emit_insert_statements
    result = connection.execute(
venv\Lib\site-packages\sqlalchemy\engine\base.py:1419: in execute
    return meth(
venv\Lib\site-packages\sqlalchemy\sql\elements.py:526: in _execute_on_connection
    return connection._execute_clauseelement(
venv\Lib\site-packages\sqlalchemy\engine\base.py:1641: in _execute_clauseelement
    ret = self._execute_context(
venv\Lib\site-packages\sqlalchemy\engine\base.py:1846: in _execute_context
    return self._exec_single_context(
venv\Lib\site-packages\sqlalchemy\engine\base.py:1986: in _exec_single_context
    self._handle_dbapi_exception(
venv\Lib\site-packages\sqlalchemy\engine\base.py:2355: in _handle_dbapi_exception
    raise sqlalchemy_exception.with_traceback(exc_info[2]) from e
venv\Lib\site-packages\sqlalchemy\engine\base.py:1967: in _exec_single_context
    self.dialect.do_execute(
_ _ _ _ _ _ _ _ _ _ _ _ _ _ _ _ _ _ _ _ _ _ _ _ _ _ _ _ _ _ _ _ _ _ _ _ _ _ _ _

self = <sqlalchemy.dialects.sqlite.pysqlite.SQLiteDialect_pysqlite object at 0x0000000039E2C6D0>
cursor = <sqlite3.Cursor object at 0x000000003C4305C0>
statement = 'INSERT INTO user (username, email, password_hash, created_at) VALUES (?, ?, ?, ?)'
parameters = ('testuser', None, 'pbkdf2:sha256:600000$Ev7wlvM52YazmugP$a8f1c4fb657a0d75f6db5a4975fa929456e17dd25b314464e1323fe35ff09eee', '2026-03-15 01:32:43.530582')
context = <sqlalchemy.dialects.sqlite.base.SQLiteExecutionContext object at 0x000000003BAFB610>

    def do_execute(self, cursor, statement, parameters, context=None):
>       cursor.execute(statement, parameters)
E       sqlalchemy.exc.IntegrityError: (sqlite3.IntegrityError) NOT NULL constraint failed: user.email
E       [SQL: INSERT INTO user (username, email, password_hash, created_at) VALUES (?, ?, ?, ?)]
E       [parameters: ('testuser', None, 'pbkdf2:sha256:600000$Ev7wlvM52YazmugP$a8f1c4fb657a0d75f6db5a4975fa929456e17dd25b314464e1323fe35ff09eee', '2026-03-15 01:32:43.530582')]
E       (Background on this error at: https://sqlalche.me/e/20/gkpj)

venv\Lib\site-packages\sqlalchemy\engine\default.py:951: IntegrityError
________________________ ERROR at setup of test_logout ________________________

self = <sqlalchemy.engine.base.Connection object at 0x000000003BFE9F90>
dialect = <sqlalchemy.dialects.sqlite.pysqlite.SQLiteDialect_pysqlite object at 0x0000000039E2C6D0>
context = <sqlalchemy.dialects.sqlite.base.SQLiteExecutionContext object at 0x000000003BFE9AD0>
statement = <sqlalchemy.dialects.sqlite.base.SQLiteCompiler object at 0x000000003B056850>
parameters = [('testuser', None, 'pbkdf2:sha256:600000$M2UGtgFYmIvXjyO8$f87993ce38fd51a7808fcf456f579b079982333d2006b0d433fe1200bffa2ade', '2026-03-15 01:32:45.809802')]

    def _exec_single_context(
        self,
        dialect: Dialect,
        context: ExecutionContext,
        statement: Union[str, Compiled],
        parameters: Optional[_AnyMultiExecuteParams],
    ) -> CursorResult[Any]:
        """continue the _execute_context() method for a single DBAPI
        cursor.execute() or cursor.executemany() call.
    
        """
        if dialect.bind_typing is BindTyping.SETINPUTSIZES:
            generic_setinputsizes = context._prepare_set_input_sizes()
    
            if generic_setinputsizes:
                try:
                    dialect.do_set_input_sizes(
                        context.cursor, generic_setinputsizes, context
                    )
                except BaseException as e:
                    self._handle_dbapi_exception(
                        e, str(statement), parameters, None, context
                    )
    
        cursor, str_statement, parameters = (
            context.cursor,
            context.statement,
            context.parameters,
        )
    
        effective_parameters: Optional[_AnyExecuteParams]
    
        if not context.executemany:
            effective_parameters = parameters[0]
        else:
            effective_parameters = parameters
    
        if self._has_events or self.engine._has_events:
            for fn in self.dispatch.before_cursor_execute:
                str_statement, effective_parameters = fn(
                    self,
                    cursor,
                    str_statement,
                    effective_parameters,
                    context,
                    context.executemany,
                )
    
        if self._echo:
            self._log_info(str_statement)
    
            stats = context._get_cache_stats()
    
            if not self.engine.hide_parameters:
                self._log_info(
                    "[%s] %r",
                    stats,
                    sql_util._repr_params(
                        effective_parameters,
                        batches=10,
                        ismulti=context.executemany,
                    ),
                )
            else:
                self._log_info(
                    "[%s] [SQL parameters hidden due to hide_parameters=True]",
                    stats,
                )
    
        evt_handled: bool = False
        try:
            if context.execute_style is ExecuteStyle.EXECUTEMANY:
                effective_parameters = cast(
                    "_CoreMultiExecuteParams", effective_parameters
                )
                if self.dialect._has_events:
                    for fn in self.dialect.dispatch.do_executemany:
                        if fn(
                            cursor,
                            str_statement,
                            effective_parameters,
                            context,
                        ):
                            evt_handled = True
                            break
                if not evt_handled:
                    self.dialect.do_executemany(
                        cursor,
                        str_statement,
                        effective_parameters,
                        context,
                    )
            elif not effective_parameters and context.no_parameters:
                if self.dialect._has_events:
                    for fn in self.dialect.dispatch.do_execute_no_params:
                        if fn(cursor, str_statement, context):
                            evt_handled = True
                            break
                if not evt_handled:
                    self.dialect.do_execute_no_params(
                        cursor, str_statement, context
                    )
            else:
                effective_parameters = cast(
                    "_CoreSingleExecuteParams", effective_parameters
                )
                if self.dialect._has_events:
                    for fn in self.dialect.dispatch.do_execute:
                        if fn(
                            cursor,
                            str_statement,
                            effective_parameters,
                            context,
                        ):
                            evt_handled = True
                            break
                if not evt_handled:
>                   self.dialect.do_execute(
                        cursor, str_statement, effective_parameters, context
                    )

venv\Lib\site-packages\sqlalchemy\engine\base.py:1967: 
_ _ _ _ _ _ _ _ _ _ _ _ _ _ _ _ _ _ _ _ _ _ _ _ _ _ _ _ _ _ _ _ _ _ _ _ _ _ _ _

self = <sqlalchemy.dialects.sqlite.pysqlite.SQLiteDialect_pysqlite object at 0x0000000039E2C6D0>
cursor = <sqlite3.Cursor object at 0x000000003B6761C0>
statement = 'INSERT INTO user (username, email, password_hash, created_at) VALUES (?, ?, ?, ?)'
parameters = ('testuser', None, 'pbkdf2:sha256:600000$M2UGtgFYmIvXjyO8$f87993ce38fd51a7808fcf456f579b079982333d2006b0d433fe1200bffa2ade', '2026-03-15 01:32:45.809802')
context = <sqlalchemy.dialects.sqlite.base.SQLiteExecutionContext object at 0x000000003BFE9AD0>

    def do_execute(self, cursor, statement, parameters, context=None):
>       cursor.execute(statement, parameters)
E       sqlite3.IntegrityError: NOT NULL constraint failed: user.email

venv\Lib\site-packages\sqlalchemy\engine\default.py:951: IntegrityError

The above exception was the direct cause of the following exception:

    @pytest.fixture
    def init_database():
        # Create test user
        user = User(username='testuser')
        user.set_password('testpassword')
        db.session.add(user)
>       db.session.commit()

tests\conftest.py:24: 
_ _ _ _ _ _ _ _ _ _ _ _ _ _ _ _ _ _ _ _ _ _ _ _ _ _ _ _ _ _ _ _ _ _ _ _ _ _ _ _
venv\Lib\site-packages\sqlalchemy\orm\scoping.py:599: in commit
    return self._proxied.commit()
           ^^^^^^^^^^^^^^^^^^^^^^
venv\Lib\site-packages\sqlalchemy\orm\session.py:2032: in commit
    trans.commit(_to_root=True)
venv\Lib\site-packages\sqlalchemy\orm\state_changes.py:137: in _go
    ret_value = fn(self, *arg, **kw)
                ^^^^^^^^^^^^^^^^^^^^
venv\Lib\site-packages\sqlalchemy\orm\session.py:1313: in commit
    self._prepare_impl()
venv\Lib\site-packages\sqlalchemy\orm\state_changes.py:137: in _go
    ret_value = fn(self, *arg, **kw)
                ^^^^^^^^^^^^^^^^^^^^
venv\Lib\site-packages\sqlalchemy\orm\session.py:1288: in _prepare_impl
    self.session.flush()
venv\Lib\site-packages\sqlalchemy\orm\session.py:4345: in flush
    self._flush(objects)
venv\Lib\site-packages\sqlalchemy\orm\session.py:4480: in _flush
    with util.safe_reraise():
venv\Lib\site-packages\sqlalchemy\util\langhelpers.py:224: in __exit__
    raise exc_value.with_traceback(exc_tb)
venv\Lib\site-packages\sqlalchemy\orm\session.py:4441: in _flush
    flush_context.execute()
venv\Lib\site-packages\sqlalchemy\orm\unitofwork.py:466: in execute
    rec.execute(self)
venv\Lib\site-packages\sqlalchemy\orm\unitofwork.py:642: in execute
    util.preloaded.orm_persistence.save_obj(
venv\Lib\site-packages\sqlalchemy\orm\persistence.py:93: in save_obj
    _emit_insert_statements(
venv\Lib\site-packages\sqlalchemy\orm\persistence.py:1233: in _emit_insert_statements
    result = connection.execute(
venv\Lib\site-packages\sqlalchemy\engine\base.py:1419: in execute
    return meth(
venv\Lib\site-packages\sqlalchemy\sql\elements.py:526: in _execute_on_connection
    return connection._execute_clauseelement(
venv\Lib\site-packages\sqlalchemy\engine\base.py:1641: in _execute_clauseelement
    ret = self._execute_context(
venv\Lib\site-packages\sqlalchemy\engine\base.py:1846: in _execute_context
    return self._exec_single_context(
venv\Lib\site-packages\sqlalchemy\engine\base.py:1986: in _exec_single_context
    self._handle_dbapi_exception(
venv\Lib\site-packages\sqlalchemy\engine\base.py:2355: in _handle_dbapi_exception
    raise sqlalchemy_exception.with_traceback(exc_info[2]) from e
venv\Lib\site-packages\sqlalchemy\engine\base.py:1967: in _exec_single_context
    self.dialect.do_execute(
_ _ _ _ _ _ _ _ _ _ _ _ _ _ _ _ _ _ _ _ _ _ _ _ _ _ _ _ _ _ _ _ _ _ _ _ _ _ _ _

self = <sqlalchemy.dialects.sqlite.pysqlite.SQLiteDialect_pysqlite object at 0x0000000039E2C6D0>
cursor = <sqlite3.Cursor object at 0x000000003B6761C0>
statement = 'INSERT INTO user (username, email, password_hash, created_at) VALUES (?, ?, ?, ?)'
parameters = ('testuser', None, 'pbkdf2:sha256:600000$M2UGtgFYmIvXjyO8$f87993ce38fd51a7808fcf456f579b079982333d2006b0d433fe1200bffa2ade', '2026-03-15 01:32:45.809802')
context = <sqlalchemy.dialects.sqlite.base.SQLiteExecutionContext object at 0x000000003BFE9AD0>

    def do_execute(self, cursor, statement, parameters, context=None):
>       cursor.execute(statement, parameters)
E       sqlalchemy.exc.IntegrityError: (sqlite3.IntegrityError) NOT NULL constraint failed: user.email
E       [SQL: INSERT INTO user (username, email, password_hash, created_at) VALUES (?, ?, ?, ?)]
E       [parameters: ('testuser', None, 'pbkdf2:sha256:600000$M2UGtgFYmIvXjyO8$f87993ce38fd51a7808fcf456f579b079982333d2006b0d433fe1200bffa2ade', '2026-03-15 01:32:45.809802')]
E       (Background on this error at: https://sqlalche.me/e/20/gkpj)

venv\Lib\site-packages\sqlalchemy\engine\default.py:951: IntegrityError
____________ ERROR at setup of test_upload_invalid_file_extension _____________

self = <sqlalchemy.engine.base.Connection object at 0x000000003BDDAF50>
dialect = <sqlalchemy.dialects.sqlite.pysqlite.SQLiteDialect_pysqlite object at 0x0000000039E2C6D0>
context = <sqlalchemy.dialects.sqlite.base.SQLiteExecutionContext object at 0x000000003BDDAE50>
statement = <sqlalchemy.dialects.sqlite.base.SQLiteCompiler object at 0x000000003B056850>
parameters = [('testuser', None, 'pbkdf2:sha256:600000$J45i5q8tYilGhMIh$e72400ea852a0ab6de1e83374e797e96d6eafc6f2a6e6b2897977e15c721281d', '2026-03-15 01:32:49.306813')]

    def _exec_single_context(
        self,
        dialect: Dialect,
        context: ExecutionContext,
        statement: Union[str, Compiled],
        parameters: Optional[_AnyMultiExecuteParams],
    ) -> CursorResult[Any]:
        """continue the _execute_context() method for a single DBAPI
        cursor.execute() or cursor.executemany() call.
    
        """
        if dialect.bind_typing is BindTyping.SETINPUTSIZES:
            generic_setinputsizes = context._prepare_set_input_sizes()
    
            if generic_setinputsizes:
                try:
                    dialect.do_set_input_sizes(
                        context.cursor, generic_setinputsizes, context
                    )
                except BaseException as e:
                    self._handle_dbapi_exception(
                        e, str(statement), parameters, None, context
                    )
    
        cursor, str_statement, parameters = (
            context.cursor,
            context.statement,
            context.parameters,
        )
    
        effective_parameters: Optional[_AnyExecuteParams]
    
        if not context.executemany:
            effective_parameters = parameters[0]
        else:
            effective_parameters = parameters
    
        if self._has_events or self.engine._has_events:
            for fn in self.dispatch.before_cursor_execute:
                str_statement, effective_parameters = fn(
                    self,
                    cursor,
                    str_statement,
                    effective_parameters,
                    context,
                    context.executemany,
                )
    
        if self._echo:
            self._log_info(str_statement)
    
            stats = context._get_cache_stats()
    
            if not self.engine.hide_parameters:
                self._log_info(
                    "[%s] %r",
                    stats,
                    sql_util._repr_params(
                        effective_parameters,
                        batches=10,
                        ismulti=context.executemany,
                    ),
                )
            else:
                self._log_info(
                    "[%s] [SQL parameters hidden due to hide_parameters=True]",
                    stats,
                )
    
        evt_handled: bool = False
        try:
            if context.execute_style is ExecuteStyle.EXECUTEMANY:
                effective_parameters = cast(
                    "_CoreMultiExecuteParams", effective_parameters
                )
                if self.dialect._has_events:
                    for fn in self.dialect.dispatch.do_executemany:
                        if fn(
                            cursor,
                            str_statement,
                            effective_parameters,
                            context,
                        ):
                            evt_handled = True
                            break
                if not evt_handled:
                    self.dialect.do_executemany(
                        cursor,
                        str_statement,
                        effective_parameters,
                        context,
                    )
            elif not effective_parameters and context.no_parameters:
                if self.dialect._has_events:
                    for fn in self.dialect.dispatch.do_execute_no_params:
                        if fn(cursor, str_statement, context):
                            evt_handled = True
                            break
                if not evt_handled:
                    self.dialect.do_execute_no_params(
                        cursor, str_statement, context
                    )
            else:
                effective_parameters = cast(
                    "_CoreSingleExecuteParams", effective_parameters
                )
                if self.dialect._has_events:
                    for fn in self.dialect.dispatch.do_execute:
                        if fn(
                            cursor,
                            str_statement,
                            effective_parameters,
                            context,
                        ):
                            evt_handled = True
                            break
                if not evt_handled:
>                   self.dialect.do_execute(
                        cursor, str_statement, effective_parameters, context
                    )

venv\Lib\site-packages\sqlalchemy\engine\base.py:1967: 
_ _ _ _ _ _ _ _ _ _ _ _ _ _ _ _ _ _ _ _ _ _ _ _ _ _ _ _ _ _ _ _ _ _ _ _ _ _ _ _

self = <sqlalchemy.dialects.sqlite.pysqlite.SQLiteDialect_pysqlite object at 0x0000000039E2C6D0>
cursor = <sqlite3.Cursor object at 0x000000003BA83D40>
statement = 'INSERT INTO user (username, email, password_hash, created_at) VALUES (?, ?, ?, ?)'
parameters = ('testuser', None, 'pbkdf2:sha256:600000$J45i5q8tYilGhMIh$e72400ea852a0ab6de1e83374e797e96d6eafc6f2a6e6b2897977e15c721281d', '2026-03-15 01:32:49.306813')
context = <sqlalchemy.dialects.sqlite.base.SQLiteExecutionContext object at 0x000000003BDDAE50>

    def do_execute(self, cursor, statement, parameters, context=None):
>       cursor.execute(statement, parameters)
E       sqlite3.IntegrityError: NOT NULL constraint failed: user.email

venv\Lib\site-packages\sqlalchemy\engine\default.py:951: IntegrityError

The above exception was the direct cause of the following exception:

    @pytest.fixture
    def init_database():
        # Create test user
        user = User(username='testuser')
        user.set_password('testpassword')
        db.session.add(user)
>       db.session.commit()

tests\conftest.py:24: 
_ _ _ _ _ _ _ _ _ _ _ _ _ _ _ _ _ _ _ _ _ _ _ _ _ _ _ _ _ _ _ _ _ _ _ _ _ _ _ _
venv\Lib\site-packages\sqlalchemy\orm\scoping.py:599: in commit
    return self._proxied.commit()
           ^^^^^^^^^^^^^^^^^^^^^^
venv\Lib\site-packages\sqlalchemy\orm\session.py:2032: in commit
    trans.commit(_to_root=True)
venv\Lib\site-packages\sqlalchemy\orm\state_changes.py:137: in _go
    ret_value = fn(self, *arg, **kw)
                ^^^^^^^^^^^^^^^^^^^^
venv\Lib\site-packages\sqlalchemy\orm\session.py:1313: in commit
    self._prepare_impl()
venv\Lib\site-packages\sqlalchemy\orm\state_changes.py:137: in _go
    ret_value = fn(self, *arg, **kw)
                ^^^^^^^^^^^^^^^^^^^^
venv\Lib\site-packages\sqlalchemy\orm\session.py:1288: in _prepare_impl
    self.session.flush()
venv\Lib\site-packages\sqlalchemy\orm\session.py:4345: in flush
    self._flush(objects)
venv\Lib\site-packages\sqlalchemy\orm\session.py:4480: in _flush
    with util.safe_reraise():
venv\Lib\site-packages\sqlalchemy\util\langhelpers.py:224: in __exit__
    raise exc_value.with_traceback(exc_tb)
venv\Lib\site-packages\sqlalchemy\orm\session.py:4441: in _flush
    flush_context.execute()
venv\Lib\site-packages\sqlalchemy\orm\unitofwork.py:466: in execute
    rec.execute(self)
venv\Lib\site-packages\sqlalchemy\orm\unitofwork.py:642: in execute
    util.preloaded.orm_persistence.save_obj(
venv\Lib\site-packages\sqlalchemy\orm\persistence.py:93: in save_obj
    _emit_insert_statements(
venv\Lib\site-packages\sqlalchemy\orm\persistence.py:1233: in _emit_insert_statements
    result = connection.execute(
venv\Lib\site-packages\sqlalchemy\engine\base.py:1419: in execute
    return meth(
venv\Lib\site-packages\sqlalchemy\sql\elements.py:526: in _execute_on_connection
    return connection._execute_clauseelement(
venv\Lib\site-packages\sqlalchemy\engine\base.py:1641: in _execute_clauseelement
    ret = self._execute_context(
venv\Lib\site-packages\sqlalchemy\engine\base.py:1846: in _execute_context
    return self._exec_single_context(
venv\Lib\site-packages\sqlalchemy\engine\base.py:1986: in _exec_single_context
    self._handle_dbapi_exception(
venv\Lib\site-packages\sqlalchemy\engine\base.py:2355: in _handle_dbapi_exception
    raise sqlalchemy_exception.with_traceback(exc_info[2]) from e
venv\Lib\site-packages\sqlalchemy\engine\base.py:1967: in _exec_single_context
    self.dialect.do_execute(
_ _ _ _ _ _ _ _ _ _ _ _ _ _ _ _ _ _ _ _ _ _ _ _ _ _ _ _ _ _ _ _ _ _ _ _ _ _ _ _

self = <sqlalchemy.dialects.sqlite.pysqlite.SQLiteDialect_pysqlite object at 0x0000000039E2C6D0>
cursor = <sqlite3.Cursor object at 0x000000003BA83D40>
statement = 'INSERT INTO user (username, email, password_hash, created_at) VALUES (?, ?, ?, ?)'
parameters = ('testuser', None, 'pbkdf2:sha256:600000$J45i5q8tYilGhMIh$e72400ea852a0ab6de1e83374e797e96d6eafc6f2a6e6b2897977e15c721281d', '2026-03-15 01:32:49.306813')
context = <sqlalchemy.dialects.sqlite.base.SQLiteExecutionContext object at 0x000000003BDDAE50>

    def do_execute(self, cursor, statement, parameters, context=None):
>       cursor.execute(statement, parameters)
E       sqlalchemy.exc.IntegrityError: (sqlite3.IntegrityError) NOT NULL constraint failed: user.email
E       [SQL: INSERT INTO user (username, email, password_hash, created_at) VALUES (?, ?, ?, ?)]
E       [parameters: ('testuser', None, 'pbkdf2:sha256:600000$J45i5q8tYilGhMIh$e72400ea852a0ab6de1e83374e797e96d6eafc6f2a6e6b2897977e15c721281d', '2026-03-15 01:32:49.306813')]
E       (Background on this error at: https://sqlalche.me/e/20/gkpj)

venv\Lib\site-packages\sqlalchemy\engine\default.py:951: IntegrityError
================================== FAILURES ===================================
__________________ test_access_protected_route_without_login __________________

client = <FlaskClient <Flask 'app'>>

    def test_access_protected_route_without_login(client):
        response = client.get('/', follow_redirects=True)
        assert response.status_code == 200
        # Unauthenticated user should be redirected to login page for protected routes
>       assert response.request.path == '/login'
E       AssertionError: assert '/' == '/login'
E         
E         - /login
E         + /

tests\test_auth.py:42: AssertionError
__________________________ test_upload_without_login __________________________

client = <FlaskClient <Flask 'app'>>

    def test_upload_without_login(client):
        data = {
            'file': (io.BytesIO(b"dummy stl content"), 'test.stl')
        }
        response = client.post('/upload', data=data, content_type='multipart/form-data', follow_redirects=True)
    
        # Should be redirected to login
>       assert response.request.path == '/login'
E       AssertionError: assert '/upload' == '/login'
E         
E         - /login
E         + /upload

tests\test_upload.py:10: AssertionError
---------------------------- Captured stderr call -----------------------------
2026-03-15 04:32:48,091 - app - INFO - Starting upload process
2026-03-15 04:32:48,094 - app - INFO - File object: <FileStorage: 'test.stl' ('application/octet-stream')>
2026-03-15 04:32:48,096 - app - INFO - Generated unique ID: 7b1c7f58-8a8b-4443-9b8c-8cd4f3ba970e
2026-03-15 04:32:48,097 - app - INFO - Created upload subdirectory: C:\Users\syste\Desktop\Melikhan\Web\Web Projeler\web_ar-main\uploads\7b1c7f58-8a8b-4443-9b8c-8cd4f3ba970e
2026-03-15 04:32:48,098 - app - INFO - File saved successfully: C:\Users\syste\Desktop\Melikhan\Web\Web Projeler\web_ar-main\uploads\7b1c7f58-8a8b-4443-9b8c-8cd4f3ba970e\test.stl
2026-03-15 04:32:48,099 - app - INFO - File extension: .stl
2026-03-15 04:32:48,099 - app - INFO - Color settings - useColor: False, color: #4CAF50
2026-03-15 04:32:48,099 - app - INFO - Remove textures setting: False
2026-03-15 04:32:48,099 - app - INFO - DEBUG: useMaxDimension raw value: None, type: <class 'NoneType'>
2026-03-15 04:32:48,099 - app - INFO - DEBUG: useMaxDimension parsed: False
2026-03-15 04:32:48,099 - app - INFO - Maximum dimension limit disabled - model will keep original size
2026-03-15 04:32:48,105 - app - ERROR - Error during upload: unsupported operand type(s) for *: 'NoneType' and 'int'
2026-03-15 04:32:48,109 - app - ERROR - Traceback (most recent call last):
  File "C:\Users\syste\Desktop\Melikhan\Web\Web Projeler\web_ar-main\app.py", line 1006, in upload_file
    converter.set_max_dimension(max_dimension * 100)
                                ~~~~~~~~~~~~~~^~~~~
TypeError: unsupported operand type(s) for *: 'NoneType' and 'int'

------------------------------ Captured log call ------------------------------
INFO     app:app.py:899 Starting upload process
INFO     app:app.py:905 File object: <FileStorage: 'test.stl' ('application/octet-stream')>
INFO     app:app.py:915 Generated unique ID: 7b1c7f58-8a8b-4443-9b8c-8cd4f3ba970e
INFO     app:app.py:920 Created upload subdirectory: C:\Users\syste\Desktop\Melikhan\Web\Web Projeler\web_ar-main\uploads\7b1c7f58-8a8b-4443-9b8c-8cd4f3ba970e
INFO     app:app.py:926 File saved successfully: C:\Users\syste\Desktop\Melikhan\Web\Web Projeler\web_ar-main\uploads\7b1c7f58-8a8b-4443-9b8c-8cd4f3ba970e\test.stl
INFO     app:app.py:930 File extension: .stl
INFO     app:app.py:941 Color settings - useColor: False, color: #4CAF50
INFO     app:app.py:946 Remove textures setting: False
INFO     app:app.py:950 DEBUG: useMaxDimension raw value: None, type: <class 'NoneType'>
INFO     app:app.py:952 DEBUG: useMaxDimension parsed: False
INFO     app:app.py:959 Maximum dimension limit disabled - model will keep original size
ERROR    app:app.py:1044 Error during upload: unsupported operand type(s) for *: 'NoneType' and 'int'
ERROR    app:app.py:1045 Traceback (most recent call last):
  File "C:\Users\syste\Desktop\Melikhan\Web\Web Projeler\web_ar-main\app.py", line 1006, in upload_file
    converter.set_max_dimension(max_dimension * 100)
                                ~~~~~~~~~~~~~~^~~~~
TypeError: unsupported operand type(s) for *: 'NoneType' and 'int'
_______________________ test_delete_model_without_auth ________________________

client = <FlaskClient <Flask 'app'>>

    def test_delete_model_without_auth(client):
        response = client.post('/delete_model/1', follow_redirects=True)
>       assert response.request.path == '/login'
E       AssertionError: assert '/delete_model/1' == '/login'
E         
E         - /login
E         + /delete_model/1

tests\test_upload.py:34: AssertionError
---------------------------- Captured stderr call -----------------------------
2026-03-15 04:32:50,716 - app - INFO - Attempting to delete model with ID: 1
2026-03-15 04:32:50,724 - app - WARNING - Model 1 not found in database
------------------------------ Captured log call ------------------------------
INFO     app:app.py:1834 Attempting to delete model with ID: 1
WARNING  app:app.py:1840 Model 1 not found in database
=========================== short test summary info ===========================
FAILED tests/test_auth.py::test_access_protected_route_without_login - Assert...
FAILED tests/test_upload.py::test_upload_without_login - AssertionError: asse...
FAILED tests/test_upload.py::test_delete_model_without_auth - AssertionError:...
ERROR tests/test_auth.py::test_valid_login - sqlalchemy.exc.IntegrityError: (...
ERROR tests/test_auth.py::test_invalid_login - sqlalchemy.exc.IntegrityError:...
ERROR tests/test_auth.py::test_logout - sqlalchemy.exc.IntegrityError: (sqlit...
ERROR tests/test_upload.py::test_upload_invalid_file_extension - sqlalchemy.e...
=================== 3 failed, 2 passed, 4 errors in 11.76s ====================
